[INFO] Scanning for projects...
[INFO] 
[INFO] -----------------< com.blooddonor:blood-donor-system >------------------
[INFO] Building blood-donor-system 0.0.1-SNAPSHOT
[INFO]   from pom.xml
[INFO] --------------------------------[ jar ]---------------------------------
[INFO] 
[INFO] --- clean:3.3.2:clean (default-clean) @ blood-donor-system ---
[INFO] Deleting C:\Users\sushm\.gemini\antigravity\scratch\blood_donor_system\target
[INFO] 
[INFO] --- resources:3.3.1:resources (default-resources) @ blood-donor-system ---
[INFO] Copying 1 resource from src\main\resources to target\classes
[INFO] Copying 3 resources from src\main\resources to target\classes
[INFO] 
[INFO] --- compiler:3.11.0:compile (default-compile) @ blood-donor-system ---
[INFO] Changes detected - recompiling the module! :source
[INFO] Compiling 23 source files with javac [debug release 17] to target\classes
[INFO] -------------------------------------------------------------
[WARNING] COMPILATION WARNING : 
[INFO] -------------------------------------------------------------
[WARNING] /C:/Users/sushm/.gemini/antigravity/scratch/blood_donor_system/src/main/java/com/blooddonor/security/SecurityConfig.java:[50,13] cors() in org.springframework.security.config.annotation.web.builders.HttpSecurity has been deprecated and marked for removal
[WARNING] /C:/Users/sushm/.gemini/antigravity/scratch/blood_donor_system/src/main/java/com/blooddonor/security/SecurityConfig.java:[56,11] and() in org.springframework.security.config.annotation.SecurityConfigurerAdapter has been deprecated and marked for removal
[INFO] 2 warnings 
[INFO] -------------------------------------------------------------
[INFO] -------------------------------------------------------------
[ERROR] COMPILATION ERROR : 
[INFO] -------------------------------------------------------------
[ERROR] /C:/Users/sushm/.gemini/antigravity/scratch/blood_donor_system/src/main/java/com/blooddonor/controller/AiAssistantController.java:[3,35] cannot find symbol
  symbol:   class ChatClient
  location: package org.springframework.ai.chat
[ERROR] /C:/Users/sushm/.gemini/antigravity/scratch/blood_donor_system/src/main/java/com/blooddonor/controller/AiAssistantController.java:[16,19] cannot find symbol
  symbol:   class ChatClient
  location: class com.blooddonor.controller.AiAssistantController
[ERROR] /C:/Users/sushm/.gemini/antigravity/scratch/blood_donor_system/src/main/java/com/blooddonor/controller/AiAssistantController.java:[19,34] cannot find symbol
  symbol:   class ChatClient
  location: class com.blooddonor.controller.AiAssistantController
[ERROR] /C:/Users/sushm/.gemini/antigravity/scratch/blood_donor_system/src/main/java/com/blooddonor/controller/AiAssistantController.java:[39,40] cannot find symbol
  symbol:   class ChatResponse
  location: package org.springframework.ai.chat
[INFO] 4 errors 
[INFO] -------------------------------------------------------------
[INFO] ------------------------------------------------------------------------
[INFO] BUILD FAILURE
[INFO] ------------------------------------------------------------------------
[INFO] Total time:  2.754 s
[INFO] Finished at: 2026-03-17T23:43:31+05:30
[INFO] ------------------------------------------------------------------------
[ERROR] Failed to execute goal org.apache.maven.plugins:maven-compiler-plugin:3.11.0:compile (default-compile) on project blood-donor-system: Compilation failure: Compilation failure: 
[ERROR] /C:/Users/sushm/.gemini/antigravity/scratch/blood_donor_system/src/main/java/com/blooddonor/controller/AiAssistantController.java:[3,35] cannot find symbol
[ERROR]   symbol:   class ChatClient
[ERROR]   location: package org.springframework.ai.chat
[ERROR] /C:/Users/sushm/.gemini/antigravity/scratch/blood_donor_system/src/main/java/com/blooddonor/controller/AiAssistantController.java:[16,19] cannot find symbol
[ERROR]   symbol:   class ChatClient
[ERROR]   location: class com.blooddonor.controller.AiAssistantController
[ERROR] /C:/Users/sushm/.gemini/antigravity/scratch/blood_donor_system/src/main/java/com/blooddonor/controller/AiAssistantController.java:[19,34] cannot find symbol
[ERROR]   symbol:   class ChatClient
[ERROR]   location: class com.blooddonor.controller.AiAssistantController
[ERROR] /C:/Users/sushm/.gemini/antigravity/scratch/blood_donor_system/src/main/java/com/blooddonor/controller/AiAssistantController.java:[39,40] cannot find symbol
[ERROR]   symbol:   class ChatResponse
[ERROR]   location: package org.springframework.ai.chat
[ERROR] -> [Help 1]
[ERROR] 
[ERROR] To see the full stack trace of the errors, re-run Maven with the -e switch.
[ERROR] Re-run Maven using the -X switch to enable full debug logging.
[ERROR] 
[ERROR] For more information about the errors and possible solutions, please read the following articles:
[ERROR] [Help 1] http://cwiki.apache.org/confluence/display/MAVEN/MojoFailureException
