[INFO] Scanning for projects...
[INFO] 
[INFO] -----------------< com.blooddonor:blood-donor-system >------------------
[INFO] Building blood-donor-system 0.0.1-SNAPSHOT
[INFO]   from pom.xml
[INFO] --------------------------------[ jar ]---------------------------------
[INFO] 
[INFO] --- resources:3.3.1:resources (default-resources) @ blood-donor-system ---
[INFO] Copying 1 resource from src\main\resources to target\classes
[INFO] Copying 5 resources from src\main\resources to target\classes
[INFO] 
[INFO] --- compiler:3.11.0:compile (default-compile) @ blood-donor-system ---
[INFO] Changes detected - recompiling the module! :source
[INFO] Compiling 24 source files with javac [debug release 17] to target\classes
[INFO] -------------------------------------------------------------
[WARNING] COMPILATION WARNING : 
[INFO] -------------------------------------------------------------
[WARNING] /C:/Users/sushm/.gemini/antigravity/scratch/blood_donor_system/src/main/java/com/blooddonor/security/SecurityConfig.java:[50,13] cors() in org.springframework.security.config.annotation.web.builders.HttpSecurity has been deprecated and marked for removal
[WARNING] /C:/Users/sushm/.gemini/antigravity/scratch/blood_donor_system/src/main/java/com/blooddonor/security/SecurityConfig.java:[56,11] and() in org.springframework.security.config.annotation.SecurityConfigurerAdapter has been deprecated and marked for removal
[INFO] 2 warnings 
[INFO] -------------------------------------------------------------
[INFO] -------------------------------------------------------------
[ERROR] COMPILATION ERROR : 
[INFO] -------------------------------------------------------------
[ERROR] /C:/Users/sushm/.gemini/antigravity/scratch/blood_donor_system/src/main/java/com/blooddonor/component/DataInitializer.java:[30,54] cannot find symbol
  symbol:   method isEmpty()
  location: class com.blooddonor.entity.Account
[INFO] 1 error
[INFO] -------------------------------------------------------------
[INFO] ------------------------------------------------------------------------
[INFO] BUILD FAILURE
[INFO] ------------------------------------------------------------------------
[INFO] Total time:  2.407 s
[INFO] Finished at: 2026-03-29T12:11:31+05:30
[INFO] ------------------------------------------------------------------------
[ERROR] Failed to execute goal org.apache.maven.plugins:maven-compiler-plugin:3.11.0:compile (default-compile) on project blood-donor-system: Compilation failure
[ERROR] /C:/Users/sushm/.gemini/antigravity/scratch/blood_donor_system/src/main/java/com/blooddonor/component/DataInitializer.java:[30,54] cannot find symbol
[ERROR]   symbol:   method isEmpty()
[ERROR]   location: class com.blooddonor.entity.Account
[ERROR] 
[ERROR] -> [Help 1]
[ERROR] 
[ERROR] To see the full stack trace of the errors, re-run Maven with the -e switch.
[ERROR] Re-run Maven using the -X switch to enable full debug logging.
[ERROR] 
[ERROR] For more information about the errors and possible solutions, please read the following articles:
[ERROR] [Help 1] http://cwiki.apache.org/confluence/display/MAVEN/MojoFailureException
